[INFO] [launch]: All log files can be found below /root/.ros/log/2026-07-29-04-39-50-075656-67d4b1d39687-22818
[INFO] [launch]: Default logging verbosity is set to INFO
[INFO] [gazebo-1]: process started with pid [22840]
[INFO] [create-2]: process started with pid [22841]
[create-2] [INFO] [1785299990.334863384] [ros_gz_sim]: Requesting list of world names.
[create-2] [INFO] [1785299992.683687219] [ros_gz_sim]: Entity creation successful.
[INFO] [create-2]: process has finished cleanly [pid 22841]
[INFO] [launch.user]: Robot Model Uploaded
[INFO] [parameter_bridge-3]: process started with pid [22892]
[parameter_bridge-3] [INFO] [1785299992.940238469] [ros_gz_bridge]: Creating GZ->ROS Bridge: [/model/rexrov/joint/thruster1_joint/cmd_thrust (gz.msgs.Double) -> /model/rexrov/joint/thruster1_joint/cmd_thrust (std_msgs/msg/Float64)] (Lazy 0)
[parameter_bridge-3] [INFO] [1785299992.945429761] [ros_gz_bridge]: Creating ROS->GZ Bridge: [/model/rexrov/joint/thruster1_joint/cmd_thrust (std_msgs/msg/Float64) -> /model/rexrov/joint/thruster1_joint/cmd_thrust (gz.msgs.Double)] (Lazy 0)
[parameter_bridge-3] [INFO] [1785299992.946899511] [ros_gz_bridge]: Creating GZ->ROS Bridge: [/model/rexrov/joint/thruster2_joint/cmd_thrust (gz.msgs.Double) -> /model/rexrov/joint/thruster2_joint/cmd_thrust (std_msgs/msg/Float64)] (Lazy 0)
[parameter_bridge-3] [INFO] [1785299992.947821052] [ros_gz_bridge]: Creating ROS->GZ Bridge: [/model/rexrov/joint/thruster2_joint/cmd_thrust (std_msgs/msg/Float64) -> /model/rexrov/joint/thruster2_joint/cmd_thrust (gz.msgs.Double)] (Lazy 0)
[parameter_bridge-3] [INFO] [1785299992.948210677] [ros_gz_bridge]: Creating GZ->ROS Bridge: [/model/rexrov/joint/thruster3_joint/cmd_thrust (gz.msgs.Double) -> /model/rexrov/joint/thruster3_joint/cmd_thrust (std_msgs/msg/Float64)] (Lazy 0)
[parameter_bridge-3] [INFO] [1785299992.948440677] [ros_gz_bridge]: Creating ROS->GZ Bridge: [/model/rexrov/joint/thruster3_joint/cmd_thrust (std_msgs/msg/Float64) -> /model/rexrov/joint/thruster3_joint/cmd_thrust (gz.msgs.Double)] (Lazy 0)
[parameter_bridge-3] [INFO] [1785299992.948670844] [ros_gz_bridge]: Creating GZ->ROS Bridge: [/model/rexrov/joint/thruster4_joint/cmd_thrust (gz.msgs.Double) -> /model/rexrov/joint/thruster4_joint/cmd_thrust (std_msgs/msg/Float64)] (Lazy 0)
[parameter_bridge-3] [INFO] [1785299992.948820011] [ros_gz_bridge]: Creating ROS->GZ Bridge: [/model/rexrov/joint/thruster4_joint/cmd_thrust (std_msgs/msg/Float64) -> /model/rexrov/joint/thruster4_joint/cmd_thrust (gz.msgs.Double)] (Lazy 0)
[parameter_bridge-3] [INFO] [1785299992.949010511] [ros_gz_bridge]: Creating GZ->ROS Bridge: [/model/rexrov/joint/thruster5_joint/cmd_thrust (gz.msgs.Double) -> /model/rexrov/joint/thruster5_joint/cmd_thrust (std_msgs/msg/Float64)] (Lazy 0)
[parameter_bridge-3] [INFO] [1785299992.949166677] [ros_gz_bridge]: Creating ROS->GZ Bridge: [/model/rexrov/joint/thruster5_joint/cmd_thrust (std_msgs/msg/Float64) -> /model/rexrov/joint/thruster5_joint/cmd_thrust (gz.msgs.Double)] (Lazy 0)
[parameter_bridge-3] [INFO] [1785299992.949360136] [ros_gz_bridge]: Creating GZ->ROS Bridge: [/model/rexrov/joint/thruster6_joint/cmd_thrust (gz.msgs.Double) -> /model/rexrov/joint/thruster6_joint/cmd_thrust (std_msgs/msg/Float64)] (Lazy 0)
[parameter_bridge-3] [INFO] [1785299992.949499886] [ros_gz_bridge]: Creating ROS->GZ Bridge: [/model/rexrov/joint/thruster6_joint/cmd_thrust (std_msgs/msg/Float64) -> /model/rexrov/joint/thruster6_joint/cmd_thrust (gz.msgs.Double)] (Lazy 0)
[parameter_bridge-3] [INFO] [1785299992.949652677] [ros_gz_bridge]: Creating GZ->ROS Bridge: [/model/rexrov/joint/thruster7_joint/cmd_thrust (gz.msgs.Double) -> /model/rexrov/joint/thruster7_joint/cmd_thrust (std_msgs/msg/Float64)] (Lazy 0)
[parameter_bridge-3] [INFO] [1785299992.949783552] [ros_gz_bridge]: Creating ROS->GZ Bridge: [/model/rexrov/joint/thruster7_joint/cmd_thrust (std_msgs/msg/Float64) -> /model/rexrov/joint/thruster7_joint/cmd_thrust (gz.msgs.Double)] (Lazy 0)
[parameter_bridge-3] [INFO] [1785299992.949973011] [ros_gz_bridge]: Creating GZ->ROS Bridge: [/model/rexrov/joint/thruster8_joint/cmd_thrust (gz.msgs.Double) -> /model/rexrov/joint/thruster8_joint/cmd_thrust (std_msgs/msg/Float64)] (Lazy 0)
[parameter_bridge-3] [INFO] [1785299992.950108802] [ros_gz_bridge]: Creating ROS->GZ Bridge: [/model/rexrov/joint/thruster8_joint/cmd_thrust (std_msgs/msg/Float64) -> /model/rexrov/joint/thruster8_joint/cmd_thrust (gz.msgs.Double)] (Lazy 0)
[parameter_bridge-3] [INFO] [1785299992.950260344] [ros_gz_bridge]: Creating GZ->ROS Bridge: [/model/rexrov/joint/thruster1_joint/ang_vel (gz.msgs.Double) -> /model/rexrov/joint/thruster1_joint/ang_vel (std_msgs/msg/Float64)] (Lazy 0)
[parameter_bridge-3] [INFO] [1785299992.950386927] [ros_gz_bridge]: Creating ROS->GZ Bridge: [/model/rexrov/joint/thruster1_joint/ang_vel (std_msgs/msg/Float64) -> /model/rexrov/joint/thruster1_joint/ang_vel (gz.msgs.Double)] (Lazy 0)
[parameter_bridge-3] [INFO] [1785299992.950555344] [ros_gz_bridge]: Creating GZ->ROS Bridge: [/model/rexrov/joint/thruster2_joint/ang_vel (gz.msgs.Double) -> /model/rexrov/joint/thruster2_joint/ang_vel (std_msgs/msg/Float64)] (Lazy 0)
[parameter_bridge-3] [INFO] [1785299992.950749177] [ros_gz_bridge]: Creating ROS->GZ Bridge: [/model/rexrov/joint/thruster2_joint/ang_vel (std_msgs/msg/Float64) -> /model/rexrov/joint/thruster2_joint/ang_vel (gz.msgs.Double)] (Lazy 0)
[parameter_bridge-3] [INFO] [1785299992.951015969] [ros_gz_bridge]: Creating GZ->ROS Bridge: [/model/rexrov/joint/thruster3_joint/ang_vel (gz.msgs.Double) -> /model/rexrov/joint/thruster3_joint/ang_vel (std_msgs/msg/Float64)] (Lazy 0)
[parameter_bridge-3] [INFO] [1785299992.951155927] [ros_gz_bridge]: Creating ROS->GZ Bridge: [/model/rexrov/joint/thruster3_joint/ang_vel (std_msgs/msg/Float64) -> /model/rexrov/joint/thruster3_joint/ang_vel (gz.msgs.Double)] (Lazy 0)
[parameter_bridge-3] [INFO] [1785299992.951363969] [ros_gz_bridge]: Creating GZ->ROS Bridge: [/model/rexrov/joint/thruster4_joint/ang_vel (gz.msgs.Double) -> /model/rexrov/joint/thruster4_joint/ang_vel (std_msgs/msg/Float64)] (Lazy 0)
[parameter_bridge-3] [INFO] [1785299992.951519927] [ros_gz_bridge]: Creating ROS->GZ Bridge: [/model/rexrov/joint/thruster4_joint/ang_vel (std_msgs/msg/Float64) -> /model/rexrov/joint/thruster4_joint/ang_vel (gz.msgs.Double)] (Lazy 0)
[parameter_bridge-3] [INFO] [1785299992.951724802] [ros_gz_bridge]: Creating GZ->ROS Bridge: [/model/rexrov/joint/thruster5_joint/ang_vel (gz.msgs.Double) -> /model/rexrov/joint/thruster5_joint/ang_vel (std_msgs/msg/Float64)] (Lazy 0)
[parameter_bridge-3] [INFO] [1785299992.951866219] [ros_gz_bridge]: Creating ROS->GZ Bridge: [/model/rexrov/joint/thruster5_joint/ang_vel (std_msgs/msg/Float64) -> /model/rexrov/joint/thruster5_joint/ang_vel (gz.msgs.Double)] (Lazy 0)
[parameter_bridge-3] [INFO] [1785299992.952044386] [ros_gz_bridge]: Creating GZ->ROS Bridge: [/model/rexrov/joint/thruster6_joint/ang_vel (gz.msgs.Double) -> /model/rexrov/joint/thruster6_joint/ang_vel (std_msgs/msg/Float64)] (Lazy 0)
[parameter_bridge-3] [INFO] [1785299992.952181386] [ros_gz_bridge]: Creating ROS->GZ Bridge: [/model/rexrov/joint/thruster6_joint/ang_vel (std_msgs/msg/Float64) -> /model/rexrov/joint/thruster6_joint/ang_vel (gz.msgs.Double)] (Lazy 0)
[parameter_bridge-3] [INFO] [1785299992.952412052] [ros_gz_bridge]: Creating GZ->ROS Bridge: [/model/rexrov/joint/thruster7_joint/ang_vel (gz.msgs.Double) -> /model/rexrov/joint/thruster7_joint/ang_vel (std_msgs/msg/Float64)] (Lazy 0)
[parameter_bridge-3] [INFO] [1785299992.952623802] [ros_gz_bridge]: Creating ROS->GZ Bridge: [/model/rexrov/joint/thruster7_joint/ang_vel (std_msgs/msg/Float64) -> /model/rexrov/joint/thruster7_joint/ang_vel (gz.msgs.Double)] (Lazy 0)
[parameter_bridge-3] [INFO] [1785299992.953585052] [ros_gz_bridge]: Creating GZ->ROS Bridge: [/model/rexrov/joint/thruster8_joint/ang_vel (gz.msgs.Double) -> /model/rexrov/joint/thruster8_joint/ang_vel (std_msgs/msg/Float64)] (Lazy 0)
[parameter_bridge-3] [INFO] [1785299992.953761469] [ros_gz_bridge]: Creating ROS->GZ Bridge: [/model/rexrov/joint/thruster8_joint/ang_vel (std_msgs/msg/Float64) -> /model/rexrov/joint/thruster8_joint/ang_vel (gz.msgs.Double)] (Lazy 0)
[parameter_bridge-3] [INFO] [1785299992.954133261] [ros_gz_bridge]: Creating GZ->ROS Bridge: [/model/rexrov/joint/thruster1_joint/enable_deadband (gz.msgs.Boolean) -> /model/rexrov/joint/thruster1_joint/enable_deadband (std_msgs/msg/Bool)] (Lazy 0)
[parameter_bridge-3] [INFO] [1785299992.954820261] [ros_gz_bridge]: Creating ROS->GZ Bridge: [/model/rexrov/joint/thruster1_joint/enable_deadband (std_msgs/msg/Bool) -> /model/rexrov/joint/thruster1_joint/enable_deadband (gz.msgs.Boolean)] (Lazy 0)
[parameter_bridge-3] [INFO] [1785299992.955332427] [ros_gz_bridge]: Creating GZ->ROS Bridge: [/model/rexrov/joint/thruster2_joint/enable_deadband (gz.msgs.Boolean) -> /model/rexrov/joint/thruster2_joint/enable_deadband (std_msgs/msg/Bool)] (Lazy 0)
[parameter_bridge-3] [INFO] [1785299992.955530011] [ros_gz_bridge]: Creating ROS->GZ Bridge: [/model/rexrov/joint/thruster2_joint/enable_deadband (std_msgs/msg/Bool) -> /model/rexrov/joint/thruster2_joint/enable_deadband (gz.msgs.Boolean)] (Lazy 0)
[parameter_bridge-3] [INFO] [1785299992.955748844] [ros_gz_bridge]: Creating GZ->ROS Bridge: [/model/rexrov/joint/thruster3_joint/enable_deadband (gz.msgs.Boolean) -> /model/rexrov/joint/thruster3_joint/enable_deadband (std_msgs/msg/Bool)] (Lazy 0)
[parameter_bridge-3] [INFO] [1785299992.955904677] [ros_gz_bridge]: Creating ROS->GZ Bridge: [/model/rexrov/joint/thruster3_joint/enable_deadband (std_msgs/msg/Bool) -> /model/rexrov/joint/thruster3_joint/enable_deadband (gz.msgs.Boolean)] (Lazy 0)
[parameter_bridge-3] [INFO] [1785299992.956162469] [ros_gz_bridge]: Creating GZ->ROS Bridge: [/model/rexrov/joint/thruster4_joint/enable_deadband (gz.msgs.Boolean) -> /model/rexrov/joint/thruster4_joint/enable_deadband (std_msgs/msg/Bool)] (Lazy 0)
[parameter_bridge-3] [INFO] [1785299992.956313927] [ros_gz_bridge]: Creating ROS->GZ Bridge: [/model/rexrov/joint/thruster4_joint/enable_deadband (std_msgs/msg/Bool) -> /model/rexrov/joint/thruster4_joint/enable_deadband (gz.msgs.Boolean)] (Lazy 0)
[parameter_bridge-3] [INFO] [1785299992.956620094] [ros_gz_bridge]: Creating GZ->ROS Bridge: [/model/rexrov/joint/thruster5_joint/enable_deadband (gz.msgs.Boolean) -> /model/rexrov/joint/thruster5_joint/enable_deadband (std_msgs/msg/Bool)] (Lazy 0)
[parameter_bridge-3] [INFO] [1785299992.956789177] [ros_gz_bridge]: Creating ROS->GZ Bridge: [/model/rexrov/joint/thruster5_joint/enable_deadband (std_msgs/msg/Bool) -> /model/rexrov/joint/thruster5_joint/enable_deadband (gz.msgs.Boolean)] (Lazy 0)
[parameter_bridge-3] [INFO] [1785299992.957028677] [ros_gz_bridge]: Creating GZ->ROS Bridge: [/model/rexrov/joint/thruster6_joint/enable_deadband (gz.msgs.Boolean) -> /model/rexrov/joint/thruster6_joint/enable_deadband (std_msgs/msg/Bool)] (Lazy 0)
[parameter_bridge-3] [INFO] [1785299992.957205594] [ros_gz_bridge]: Creating ROS->GZ Bridge: [/model/rexrov/joint/thruster6_joint/enable_deadband (std_msgs/msg/Bool) -> /model/rexrov/joint/thruster6_joint/enable_deadband (gz.msgs.Boolean)] (Lazy 0)
[parameter_bridge-3] [INFO] [1785299992.957427636] [ros_gz_bridge]: Creating GZ->ROS Bridge: [/model/rexrov/joint/thruster7_joint/enable_deadband (gz.msgs.Boolean) -> /model/rexrov/joint/thruster7_joint/enable_deadband (std_msgs/msg/Bool)] (Lazy 0)
[parameter_bridge-3] [INFO] [1785299992.957593844] [ros_gz_bridge]: Creating ROS->GZ Bridge: [/model/rexrov/joint/thruster7_joint/enable_deadband (std_msgs/msg/Bool) -> /model/rexrov/joint/thruster7_joint/enable_deadband (gz.msgs.Boolean)] (Lazy 0)
[parameter_bridge-3] [INFO] [1785299992.957860302] [ros_gz_bridge]: Creating GZ->ROS Bridge: [/model/rexrov/joint/thruster8_joint/enable_deadband (gz.msgs.Boolean) -> /model/rexrov/joint/thruster8_joint/enable_deadband (std_msgs/msg/Bool)] (Lazy 0)
[parameter_bridge-3] [INFO] [1785299992.958126802] [ros_gz_bridge]: Creating ROS->GZ Bridge: [/model/rexrov/joint/thruster8_joint/enable_deadband (std_msgs/msg/Bool) -> /model/rexrov/joint/thruster8_joint/enable_deadband (gz.msgs.Boolean)] (Lazy 0)
[parameter_bridge-3] [INFO] [1785299992.958422719] [ros_gz_bridge]: Creating GZ->ROS Bridge: [/model/rexrov/odometry (gz.msgs.Odometry) -> /model/rexrov/odometry (nav_msgs/msg/Odometry)] (Lazy 0)
[parameter_bridge-3] [INFO] [1785299992.963464386] [ros_gz_bridge]: Creating ROS->GZ Bridge: [/model/rexrov/odometry (nav_msgs/msg/Odometry) -> /model/rexrov/odometry (gz.msgs.Odometry)] (Lazy 0)
[parameter_bridge-3] [INFO] [1785299992.964024719] [ros_gz_bridge]: Creating GZ->ROS Bridge: [/model/rexrov/odometry_with_covariance (gz.msgs.OdometryWithCovariance) -> /model/rexrov/odometry_with_covariance (nav_msgs/msg/Odometry)] (Lazy 0)
[parameter_bridge-3] [INFO] [1785299992.964197844] [ros_gz_bridge]: Creating ROS->GZ Bridge: [/model/rexrov/odometry_with_covariance (nav_msgs/msg/Odometry) -> /model/rexrov/odometry_with_covariance (gz.msgs.OdometryWithCovariance)] (Lazy 0)
[parameter_bridge-3] [INFO] [1785299992.964531511] [ros_gz_bridge]: Creating GZ->ROS Bridge: [/model/rexrov/pose (gz.msgs.Pose_V) -> /model/rexrov/pose (geometry_msgs/msg/PoseArray)] (Lazy 0)
[parameter_bridge-3] [INFO] [1785299992.965812052] [ros_gz_bridge]: Creating ROS->GZ Bridge: [/model/rexrov/pose (geometry_msgs/msg/PoseArray) -> /model/rexrov/pose (gz.msgs.Pose_V)] (Lazy 0)
[parameter_bridge-3] [INFO] [1785299992.966439177] [ros_gz_bridge]: Creating GZ->ROS Bridge: [/model/rexrov/imu (gz.msgs.IMU) -> /model/rexrov/imu (sensor_msgs/msg/Imu)] (Lazy 0)
[parameter_bridge-3] [INFO] [1785299992.968534927] [ros_gz_bridge]: Creating ROS->GZ Bridge: [/model/rexrov/imu (sensor_msgs/msg/Imu) -> /model/rexrov/imu (gz.msgs.IMU)] (Lazy 0)
[parameter_bridge-3] [INFO] [1785299992.971935552] [ros_gz_bridge]: Creating GZ->ROS Bridge: [/model/rexrov/magnetometer (gz.msgs.Magnetometer) -> /model/rexrov/magnetometer (sensor_msgs/msg/MagneticField)] (Lazy 0)
[parameter_bridge-3] [INFO] [1785299992.972573177] [ros_gz_bridge]: Creating ROS->GZ Bridge: [/model/rexrov/magnetometer (sensor_msgs/msg/MagneticField) -> /model/rexrov/magnetometer (gz.msgs.Magnetometer)] (Lazy 0)
[parameter_bridge-3] [INFO] [1785299992.973577136] [ros_gz_bridge]: Creating GZ->ROS Bridge: [/model/rexrov/camera/image (gz.msgs.Image) -> /model/rexrov/camera/image (sensor_msgs/msg/Image)] (Lazy 0)
[parameter_bridge-3] [INFO] [1785299992.974177094] [ros_gz_bridge]: Creating ROS->GZ Bridge: [/model/rexrov/camera/image (sensor_msgs/msg/Image) -> /model/rexrov/camera/image (gz.msgs.Image)] (Lazy 0)
[parameter_bridge-3] [INFO] [1785299992.975203302] [ros_gz_bridge]: Creating GZ->ROS Bridge: [/model/rexrov/camera/camera_info (gz.msgs.CameraInfo) -> /model/rexrov/camera/camera_info (sensor_msgs/msg/CameraInfo)] (Lazy 0)
[parameter_bridge-3] [INFO] [1785299992.976478386] [ros_gz_bridge]: Creating ROS->GZ Bridge: [/model/rexrov/camera/camera_info (sensor_msgs/msg/CameraInfo) -> /model/rexrov/camera/camera_info (gz.msgs.CameraInfo)] (Lazy 0)
[parameter_bridge-3] [INFO] [1785299998.107023596] [ros_gz_bridge]: Passing message from ROS sensor_msgs/msg/Image to Gazebo gz.msgs.Image (showing msg only once per type)
