[INFO] [launch]: All log files can be found below /root/.ros/log/2026-08-30-13-43-51-507961-851a46b0b581-39
[INFO] [launch]: Default logging verbosity is set to INFO
[INFO] [gazebo-1]: process started with pid [45]
[INFO] [create-2]: process started with pid [46]
[INFO] [parameter_bridge-3]: process started with pid [47]
[INFO] [static_transform_publisher-4]: process started with pid [49]
[static_transform_publisher-4] [INFO] [1788097431.834883838] [static_transform_publisher_zpDZZog4qj0qBGUe]: Spinning until stopped - publishing transform
[static_transform_publisher-4] translation: ('0.000000', '0.000000', '0.000000')
[static_transform_publisher-4] rotation: ('0.000000', '0.000000', '0.000000', '1.000000')
[static_transform_publisher-4] from 'world' to 'blueview_p900/blueview_p900_base_link/multibeam_sonar'
[create-2] [INFO] [1788097431.836878505] [ros_gz_sim]: Requesting list of world names.
[parameter_bridge-3] [INFO] [1788097431.858386963] [ros_gz_bridge]: Creating GZ->ROS Bridge: [/sensor/camera (gz.msgs.Image) -> /sensor/camera (sensor_msgs/msg/Image)] (Lazy 0)
[parameter_bridge-3] [INFO] [1788097431.862680297] [ros_gz_bridge]: Creating ROS->GZ Bridge: [/sensor/camera (sensor_msgs/msg/Image) -> /sensor/camera (gz.msgs.Image)] (Lazy 0)
[parameter_bridge-3] [INFO] [1788097431.863472338] [ros_gz_bridge]: Creating GZ->ROS Bridge: [/sensor/camera_info (gz.msgs.CameraInfo) -> /sensor/camera_info (sensor_msgs/msg/CameraInfo)] (Lazy 0)
[parameter_bridge-3] [INFO] [1788097431.864356463] [ros_gz_bridge]: Creating ROS->GZ Bridge: [/sensor/camera_info (sensor_msgs/msg/CameraInfo) -> /sensor/camera_info (gz.msgs.CameraInfo)] (Lazy 0)
[parameter_bridge-3] [INFO] [1788097431.867798088] [ros_gz_bridge]: Creating GZ->ROS Bridge: [/sensor/depth_camera (gz.msgs.Image) -> /sensor/depth_camera (sensor_msgs/msg/Image)] (Lazy 0)
[parameter_bridge-3] [INFO] [1788097431.869417255] [ros_gz_bridge]: Creating ROS->GZ Bridge: [/sensor/depth_camera (sensor_msgs/msg/Image) -> /sensor/depth_camera (gz.msgs.Image)] (Lazy 0)
[parameter_bridge-3] [INFO] [1788097431.871854880] [ros_gz_bridge]: Creating GZ->ROS Bridge: [/sensor/multibeam_sonar/point_cloud (gz.msgs.PointCloudPacked) -> /sensor/multibeam_sonar/point_cloud (sensor_msgs/msg/PointCloud2)] (Lazy 0)
[parameter_bridge-3] [INFO] [1788097431.873465338] [ros_gz_bridge]: Creating ROS->GZ Bridge: [/sensor/multibeam_sonar/point_cloud (sensor_msgs/msg/PointCloud2) -> /sensor/multibeam_sonar/point_cloud (gz.msgs.PointCloudPacked)] (Lazy 0)
[create-2] [INFO] [1788097434.290115381] [ros_gz_sim]: Entity creation successful.
[INFO] [create-2]: process has finished cleanly [pid 46]
[INFO] [launch.user]: Sensor Model Uploaded
[gazebo-1] [INFO] [1788097435.523404548] [multibeam_sonar_node]:
[gazebo-1] [INFO] [1788097435.523657590] [multibeam_sonar_node]: ==================================================
[gazebo-1] [INFO] [1788097435.523682923] [multibeam_sonar_node]: ============   SONAR PLUGIN LOADED   =============
[gazebo-1] [INFO] [1788097435.523704215] [multibeam_sonar_node]: ==================================================
[gazebo-1] [INFO] [1788097435.523722840] [multibeam_sonar_node]: ============       RAY VERSION       =============
[gazebo-1] [INFO] [1788097435.523741882] [multibeam_sonar_node]: ==================================================
[gazebo-1] [INFO] [1788097435.523761673] [multibeam_sonar_node]: Maximum view range  [m] = 10
[gazebo-1] [INFO] [1788097435.523786090] [multibeam_sonar_node]: Distance resolution [m] = 0.0501672
[gazebo-1] [INFO] [1788097435.523804465] [multibeam_sonar_node]: # of Beams = 513
[gazebo-1] [INFO] [1788097435.523824507] [multibeam_sonar_node]: # of Rays / Beam (Elevation, Azimuth) = (301, 1)
[gazebo-1] [INFO] [1788097435.523839132] [multibeam_sonar_node]: Calculation skips (Elevation) = 10
[gazebo-1] [INFO] [1788097435.523862673] [multibeam_sonar_node]: # of Time data / Beam = 399
[gazebo-1] [INFO] [1788097435.523883048] [multibeam_sonar_node]: ==================================================
[gazebo-1] [INFO] [1788097435.523900132] [multibeam_sonar_node]:
[parameter_bridge-3] [INFO] [1788097435.959511132] [ros_gz_bridge]: Passing message from ROS sensor_msgs/msg/Image to Gazebo gz.msgs.Image (showing msg only once per type)
[gazebo-1] [sonar_compute_factory] CreateComputeBackend called with: cpu
[gazebo-1] [sonar_compute_factory] Creating CPU backend
[parameter_bridge-3] [INFO] [1788097436.199843757] [ros_gz_bridge]: Passing message from ROS sensor_msgs/msg/PointCloud2 to Gazebo gz.msgs.PointCloudPacked (showing msg only once per type)
[WARNING] [launch]: user interrupted with ctrl-c (SIGINT)
[WARNING] [launch]: user interrupted with ctrl-c (SIGINT) again, ignoring...
[INFO] [static_transform_publisher-4]: sending signal 'SIGINT' to process[static_transform_publisher-4]
[ERROR] [parameter_bridge-3]: process has died [pid 47, exit code -11, cmd '/opt/ros/lyrical/lib/ros_gz_bridge/parameter_bridge /sensor/camera@sensor_msgs/msg/Image@gz.msgs.Image /sensor/camera_info@sensor_msgs/msg/CameraInfo@gz.msgs.CameraInfo /sensor/depth_camera@sensor_msgs/msg/Image@gz.msgs.Image /sensor/multibeam_sonar/point_cloud@sensor_msgs/msg/PointCloud2@gz.msgs.PointCloudPacked --ros-args'].
[INFO] [gazebo-1]: sending signal 'SIGINT' to process[gazebo-1]
[parameter_bridge-3] [INFO] [1788097444.655656136] [rclcpp]: signal_handler(signum=2)
[static_transform_publisher-4] [INFO] [1788097444.655647928] [rclcpp]: signal_handler(signum=2)
[gazebo-1] [INFO] [1788097444.656107969] [rclcpp]: signal_handler(signum=2)
[ERROR] [static_transform_publisher-4]: process has died [pid 49, exit code -2, cmd '/opt/ros/lyrical/lib/tf2_ros/static_transform_publisher --frame-id world --child-frame-id blueview_p900/blueview_p900_base_link/multibeam_sonar --ros-args'].
[ERROR] [gazebo-1]: process has died [pid 45, exit code -2, cmd 'ruby /opt/ros/lyrical/opt/gz_tools_vendor/bin/gz sim /home/docker/dave_ws/install/share/dave_worlds/worlds/cylinder_4m_bright.world -s -r --force-version 10'].
