[INFO] [launch]: All log files can be found below /root/.ros/log/2026-08-30-13-58-59-719138-b54766971351-39
[INFO] [launch]: Default logging verbosity is set to INFO
[INFO] [gazebo-1]: process started with pid [45]
[INFO] [create-2]: process started with pid [46]
[INFO] [parameter_bridge-3]: process started with pid [47]
[INFO] [static_transform_publisher-4]: process started with pid [49]
[create-2] [INFO] [1788098340.070399009] [ros_gz_sim]: Requesting list of world names.
[static_transform_publisher-4] [INFO] [1788098340.072219342] [static_transform_publisher_R9jOozgbbWFTIott]: Spinning until stopped - publishing transform
[static_transform_publisher-4] translation: ('0.000000', '0.000000', '0.000000')
[static_transform_publisher-4] rotation: ('0.000000', '0.000000', '0.000000', '1.000000')
[static_transform_publisher-4] from 'world' to 'blueview_p900/blueview_p900_base_link/multibeam_sonar'
[parameter_bridge-3] [INFO] [1788098340.101835175] [ros_gz_bridge]: Creating GZ->ROS Bridge: [/sensor/camera (gz.msgs.Image) -> /sensor/camera (sensor_msgs/msg/Image)] (Lazy 0)
[parameter_bridge-3] [INFO] [1788098340.107732384] [ros_gz_bridge]: Creating ROS->GZ Bridge: [/sensor/camera (sensor_msgs/msg/Image) -> /sensor/camera (gz.msgs.Image)] (Lazy 0)
[parameter_bridge-3] [INFO] [1788098340.926815634] [ros_gz_bridge]: Creating GZ->ROS Bridge: [/sensor/camera_info (gz.msgs.CameraInfo) -> /sensor/camera_info (sensor_msgs/msg/CameraInfo)] (Lazy 0)
[parameter_bridge-3] [INFO] [1788098340.929692342] [ros_gz_bridge]: Creating ROS->GZ Bridge: [/sensor/camera_info (sensor_msgs/msg/CameraInfo) -> /sensor/camera_info (gz.msgs.CameraInfo)] (Lazy 0)
[parameter_bridge-3] [INFO] [1788098340.931479967] [ros_gz_bridge]: Creating GZ->ROS Bridge: [/sensor/depth_camera (gz.msgs.Image) -> /sensor/depth_camera (sensor_msgs/msg/Image)] (Lazy 0)
[parameter_bridge-3] [INFO] [1788098340.932707801] [ros_gz_bridge]: Creating ROS->GZ Bridge: [/sensor/depth_camera (sensor_msgs/msg/Image) -> /sensor/depth_camera (gz.msgs.Image)] (Lazy 0)
[parameter_bridge-3] [INFO] [1788098340.936295301] [ros_gz_bridge]: Creating GZ->ROS Bridge: [/sensor/multibeam_sonar/point_cloud (gz.msgs.PointCloudPacked) -> /sensor/multibeam_sonar/point_cloud (sensor_msgs/msg/PointCloud2)] (Lazy 0)
[parameter_bridge-3] [INFO] [1788098340.938985384] [ros_gz_bridge]: Creating ROS->GZ Bridge: [/sensor/multibeam_sonar/point_cloud (sensor_msgs/msg/PointCloud2) -> /sensor/multibeam_sonar/point_cloud (gz.msgs.PointCloudPacked)] (Lazy 0)
[create-2] [INFO] [1788098343.025837760] [ros_gz_sim]: Entity creation successful.
[INFO] [create-2]: process has finished cleanly [pid 46]
[INFO] [launch.user]: Sensor Model Uploaded
[gazebo-1] [INFO] [1788098344.004638885] [multibeam_sonar_node]:
[gazebo-1] [INFO] [1788098344.004943927] [multibeam_sonar_node]: ==================================================
[gazebo-1] [INFO] [1788098344.004966677] [multibeam_sonar_node]: ============   SONAR PLUGIN LOADED   =============
[gazebo-1] [INFO] [1788098344.004980594] [multibeam_sonar_node]: ==================================================
[gazebo-1] [INFO] [1788098344.004993635] [multibeam_sonar_node]: ============       RAY VERSION       =============
[gazebo-1] [INFO] [1788098344.005007302] [multibeam_sonar_node]: ==================================================
[gazebo-1] [INFO] [1788098344.005015135] [multibeam_sonar_node]: Maximum view range  [m] = 10
[gazebo-1] [INFO] [1788098344.005023094] [multibeam_sonar_node]: Distance resolution [m] = 0.0501672
[gazebo-1] [INFO] [1788098344.005037802] [multibeam_sonar_node]: # of Beams = 513
[gazebo-1] [INFO] [1788098344.005053760] [multibeam_sonar_node]: # of Rays / Beam (Elevation, Azimuth) = (301, 1)
[gazebo-1] [INFO] [1788098344.005062469] [multibeam_sonar_node]: Calculation skips (Elevation) = 10
[gazebo-1] [INFO] [1788098344.005075885] [multibeam_sonar_node]: # of Time data / Beam = 399
[gazebo-1] [INFO] [1788098344.005086677] [multibeam_sonar_node]: ==================================================
[gazebo-1] [INFO] [1788098344.005093385] [multibeam_sonar_node]:
[parameter_bridge-3] [INFO] [1788098344.454372677] [ros_gz_bridge]: Passing message from ROS sensor_msgs/msg/Image to Gazebo gz.msgs.Image (showing msg only once per type)
[gazebo-1] [sonar_compute_factory] CreateComputeBackend called with: wgpu
[gazebo-1] [sonar_compute_factory] Attempting WgpuComputeBackend initialization...
[gazebo-1] [sonar_wgpu] Trying backend set: vulkan
[gazebo-1] [sonar_wgpu] Trying backend set: all
[parameter_bridge-3] [INFO] [1788098344.685078594] [ros_gz_bridge]: Passing message from ROS sensor_msgs/msg/PointCloud2 to Gazebo gz.msgs.PointCloudPacked (showing msg only once per type)
[gazebo-1] [sonar_wgpu] [all] selected adapter: llvmpipe (LLVM 21.1.8, 128 bits)
[gazebo-1] [sonar_wgpu] [all] GPU pipelines compiled in 1493 ms -> ready.
[gazebo-1] [sonar_wgpu] GPU device acquired -> running on GPU.
[gazebo-1] [sonar_wgpu] Persistent GPU buffers allocated for 1×1×4
[gazebo-1] [sonar_wgpu] GPU #1     | 88223.5 ms | 1 beams × 1 rays × 4 freq
[gazebo-1] [sonar_compute_factory] SUCCESS: WgpuComputeBackend initialized!
[gazebo-1] [sonar_wgpu] Persistent GPU buffers allocated for 513×301×399
[WARNING] [launch]: user interrupted with ctrl-c (SIGINT)
[INFO] [static_transform_publisher-4]: sending signal 'SIGINT' to process[static_transform_publisher-4]
[INFO] [parameter_bridge-3]: sending signal 'SIGINT' to process[parameter_bridge-3]
[ERROR] [parameter_bridge-3]: process has died [pid 47, exit code -11, cmd '/opt/ros/lyrical/lib/ros_gz_bridge/parameter_bridge /sensor/camera@sensor_msgs/msg/Image@gz.msgs.Image /sensor/camera_info@sensor_msgs/msg/CameraInfo@gz.msgs.CameraInfo /sensor/depth_camera@sensor_msgs/msg/Image@gz.msgs.Image /sensor/multibeam_sonar/point_cloud@sensor_msgs/msg/PointCloud2@gz.msgs.PointCloudPacked --ros-args'].
[INFO] [gazebo-1]: sending signal 'SIGINT' to process[gazebo-1]
[gazebo-1] [INFO] [1788098448.650846336] [rclcpp]: signal_handler(signum=2)
[ERROR] [static_transform_publisher-4]: process has died [pid 49, exit code -2, cmd '/opt/ros/lyrical/lib/tf2_ros/static_transform_publisher --frame-id world --child-frame-id blueview_p900/blueview_p900_base_link/multibeam_sonar --ros-args'].
[parameter_bridge-3] [INFO] [1788098448.651143670] [rclcpp]: signal_handler(signum=2)
[static_transform_publisher-4] [INFO] [1788098448.656210503] [rclcpp]: signal_handler(signum=2)
[ERROR] [gazebo-1]: process has died [pid 45, exit code -2, cmd 'ruby /opt/ros/lyrical/opt/gz_tools_vendor/bin/gz sim /home/docker/dave_ws/install/share/dave_worlds/worlds/plane_4m_dark.world -s -r --force-version 10'].
