[INFO] [launch]: All log files can be found below /root/.ros/log/2026-08-30-14-05-02-536520-0ec237f5e3e8-39
[INFO] [launch]: Default logging verbosity is set to INFO
[INFO] [gazebo-1]: process started with pid [45]
[INFO] [create-2]: process started with pid [46]
[INFO] [parameter_bridge-3]: process started with pid [47]
[INFO] [static_transform_publisher-4]: process started with pid [49]
[create-2] [INFO] [1788098702.911455510] [ros_gz_sim]: Requesting list of world names.
[static_transform_publisher-4] [INFO] [1788098702.918048718] [static_transform_publisher_IjuJWFmOU3E1fCAW]: Spinning until stopped - publishing transform
[static_transform_publisher-4] translation: ('0.000000', '0.000000', '0.000000')
[static_transform_publisher-4] rotation: ('0.000000', '0.000000', '0.000000', '1.000000')
[static_transform_publisher-4] from 'world' to 'blueview_p900/blueview_p900_base_link/multibeam_sonar'
[parameter_bridge-3] [INFO] [1788098702.958435093] [ros_gz_bridge]: Creating GZ->ROS Bridge: [/sensor/camera (gz.msgs.Image) -> /sensor/camera (sensor_msgs/msg/Image)] (Lazy 0)
[parameter_bridge-3] [INFO] [1788098702.969213218] [ros_gz_bridge]: Creating ROS->GZ Bridge: [/sensor/camera (sensor_msgs/msg/Image) -> /sensor/camera (gz.msgs.Image)] (Lazy 0)
[parameter_bridge-3] [INFO] [1788098702.977040385] [ros_gz_bridge]: Creating GZ->ROS Bridge: [/sensor/camera_info (gz.msgs.CameraInfo) -> /sensor/camera_info (sensor_msgs/msg/CameraInfo)] (Lazy 0)
[parameter_bridge-3] [INFO] [1788098703.739428802] [ros_gz_bridge]: Creating ROS->GZ Bridge: [/sensor/camera_info (sensor_msgs/msg/CameraInfo) -> /sensor/camera_info (gz.msgs.CameraInfo)] (Lazy 0)
[parameter_bridge-3] [INFO] [1788098703.742128469] [ros_gz_bridge]: Creating GZ->ROS Bridge: [/sensor/depth_camera (gz.msgs.Image) -> /sensor/depth_camera (sensor_msgs/msg/Image)] (Lazy 0)
[parameter_bridge-3] [INFO] [1788098703.744367052] [ros_gz_bridge]: Creating ROS->GZ Bridge: [/sensor/depth_camera (sensor_msgs/msg/Image) -> /sensor/depth_camera (gz.msgs.Image)] (Lazy 0)
[parameter_bridge-3] [INFO] [1788098703.746139260] [ros_gz_bridge]: Creating GZ->ROS Bridge: [/sensor/multibeam_sonar/point_cloud (gz.msgs.PointCloudPacked) -> /sensor/multibeam_sonar/point_cloud (sensor_msgs/msg/PointCloud2)] (Lazy 0)
[parameter_bridge-3] [INFO] [1788098703.751816052] [ros_gz_bridge]: Creating ROS->GZ Bridge: [/sensor/multibeam_sonar/point_cloud (sensor_msgs/msg/PointCloud2) -> /sensor/multibeam_sonar/point_cloud (gz.msgs.PointCloudPacked)] (Lazy 0)
[create-2] [INFO] [1788098705.994303386] [ros_gz_sim]: Entity creation successful.
[INFO] [create-2]: process has finished cleanly [pid 46]
[INFO] [launch.user]: Sensor Model Uploaded
[gazebo-1] [INFO] [1788098706.947782220] [multibeam_sonar_node]:
[gazebo-1] [INFO] [1788098706.948011720] [multibeam_sonar_node]: ==================================================
[gazebo-1] [INFO] [1788098706.948035928] [multibeam_sonar_node]: ============   SONAR PLUGIN LOADED   =============
[gazebo-1] [INFO] [1788098706.948052762] [multibeam_sonar_node]: ==================================================
[gazebo-1] [INFO] [1788098706.948059553] [multibeam_sonar_node]: ============       RAY VERSION       =============
[gazebo-1] [INFO] [1788098706.948068637] [multibeam_sonar_node]: ==================================================
[gazebo-1] [INFO] [1788098706.948093637] [multibeam_sonar_node]: Maximum view range  [m] = 10
[gazebo-1] [INFO] [1788098706.948113762] [multibeam_sonar_node]: Distance resolution [m] = 0.0501672
[gazebo-1] [INFO] [1788098706.948129178] [multibeam_sonar_node]: # of Beams = 513
[gazebo-1] [INFO] [1788098706.948148220] [multibeam_sonar_node]: # of Rays / Beam (Elevation, Azimuth) = (301, 1)
[gazebo-1] [INFO] [1788098706.948164637] [multibeam_sonar_node]: Calculation skips (Elevation) = 10
[gazebo-1] [INFO] [1788098706.948178303] [multibeam_sonar_node]: # of Time data / Beam = 399
[gazebo-1] [INFO] [1788098706.948182720] [multibeam_sonar_node]: ==================================================
[gazebo-1] [INFO] [1788098706.948186262] [multibeam_sonar_node]:
[parameter_bridge-3] [INFO] [1788098707.375590845] [ros_gz_bridge]: Passing message from ROS sensor_msgs/msg/Image to Gazebo gz.msgs.Image (showing msg only once per type)
[gazebo-1] [sonar_compute_factory] CreateComputeBackend called with: wgpu
[gazebo-1] [sonar_compute_factory] Attempting WgpuComputeBackend initialization...
[gazebo-1] [sonar_wgpu] Trying backend set: vulkan
[parameter_bridge-3] [INFO] [1788098707.595108054] [ros_gz_bridge]: Passing message from ROS sensor_msgs/msg/PointCloud2 to Gazebo gz.msgs.PointCloudPacked (showing msg only once per type)
[gazebo-1] [sonar_wgpu] Trying backend set: all
[gazebo-1] [sonar_wgpu] [all] selected adapter: llvmpipe (LLVM 21.1.8, 128 bits)
[gazebo-1] [sonar_wgpu] [all] GPU pipelines compiled in 1440 ms -> ready.
[gazebo-1] [sonar_wgpu] GPU device acquired -> running on GPU.
[gazebo-1] [sonar_wgpu] Persistent GPU buffers allocated for 1×1×4
[gazebo-1] [sonar_wgpu] GPU #1     | 88495.2 ms | 1 beams × 1 rays × 4 freq
[gazebo-1] [sonar_compute_factory] SUCCESS: WgpuComputeBackend initialized!
[gazebo-1] [sonar_wgpu] Persistent GPU buffers allocated for 513×301×399
This event loop is already running
