[INFO] [launch]: All log files can be found below /root/.ros/log/2026-08-30-13-43-13-793003-b8e3668ba4c8-39
[INFO] [launch]: Default logging verbosity is set to INFO
[INFO] [gazebo-1]: process started with pid [45]
[INFO] [create-2]: process started with pid [46]
[INFO] [parameter_bridge-3]: process started with pid [47]
[INFO] [static_transform_publisher-4]: process started with pid [49]
[static_transform_publisher-4] [INFO] [1788097394.100930834] [static_transform_publisher_DGzfAwe6Hw0gDsnP]: Spinning until stopped - publishing transform
[static_transform_publisher-4] translation: ('0.000000', '0.000000', '0.000000')
[static_transform_publisher-4] rotation: ('0.000000', '0.000000', '0.000000', '1.000000')
[static_transform_publisher-4] from 'world' to 'blueview_p900/blueview_p900_base_link/multibeam_sonar'
[create-2] [INFO] [1788097394.112186001] [ros_gz_sim]: Requesting list of world names.
[parameter_bridge-3] [INFO] [1788097394.132248918] [ros_gz_bridge]: Creating GZ->ROS Bridge: [/sensor/camera (gz.msgs.Image) -> /sensor/camera (sensor_msgs/msg/Image)] (Lazy 0)
[parameter_bridge-3] [INFO] [1788097394.139565501] [ros_gz_bridge]: Creating ROS->GZ Bridge: [/sensor/camera (sensor_msgs/msg/Image) -> /sensor/camera (gz.msgs.Image)] (Lazy 0)
[parameter_bridge-3] [INFO] [1788097394.140602168] [ros_gz_bridge]: Creating GZ->ROS Bridge: [/sensor/camera_info (gz.msgs.CameraInfo) -> /sensor/camera_info (sensor_msgs/msg/CameraInfo)] (Lazy 0)
[parameter_bridge-3] [INFO] [1788097394.141609043] [ros_gz_bridge]: Creating ROS->GZ Bridge: [/sensor/camera_info (sensor_msgs/msg/CameraInfo) -> /sensor/camera_info (gz.msgs.CameraInfo)] (Lazy 0)
[parameter_bridge-3] [INFO] [1788097394.142223168] [ros_gz_bridge]: Creating GZ->ROS Bridge: [/sensor/depth_camera (gz.msgs.Image) -> /sensor/depth_camera (sensor_msgs/msg/Image)] (Lazy 0)
[parameter_bridge-3] [INFO] [1788097394.142790585] [ros_gz_bridge]: Creating ROS->GZ Bridge: [/sensor/depth_camera (sensor_msgs/msg/Image) -> /sensor/depth_camera (gz.msgs.Image)] (Lazy 0)
[parameter_bridge-3] [INFO] [1788097394.144359501] [ros_gz_bridge]: Creating GZ->ROS Bridge: [/sensor/multibeam_sonar/point_cloud (gz.msgs.PointCloudPacked) -> /sensor/multibeam_sonar/point_cloud (sensor_msgs/msg/PointCloud2)] (Lazy 0)
[parameter_bridge-3] [INFO] [1788097394.144901626] [ros_gz_bridge]: Creating ROS->GZ Bridge: [/sensor/multibeam_sonar/point_cloud (sensor_msgs/msg/PointCloud2) -> /sensor/multibeam_sonar/point_cloud (gz.msgs.PointCloudPacked)] (Lazy 0)
[create-2] [INFO] [1788097396.590642836] [ros_gz_sim]: Entity creation successful.
[INFO] [create-2]: process has finished cleanly [pid 46]
[INFO] [launch.user]: Sensor Model Uploaded
[gazebo-1] [INFO] [1788097397.890196420] [multibeam_sonar_node]:
[gazebo-1] [INFO] [1788097397.890458545] [multibeam_sonar_node]: ==================================================
[gazebo-1] [INFO] [1788097397.890482795] [multibeam_sonar_node]: ============   SONAR PLUGIN LOADED   =============
[gazebo-1] [INFO] [1788097397.890501878] [multibeam_sonar_node]: ==================================================
[gazebo-1] [INFO] [1788097397.890515878] [multibeam_sonar_node]: ============       RAY VERSION       =============
[gazebo-1] [INFO] [1788097397.890530086] [multibeam_sonar_node]: ==================================================
[gazebo-1] [INFO] [1788097397.890547836] [multibeam_sonar_node]: Maximum view range  [m] = 10
[gazebo-1] [INFO] [1788097397.890557003] [multibeam_sonar_node]: Distance resolution [m] = 0.0501672
[gazebo-1] [INFO] [1788097397.890561836] [multibeam_sonar_node]: # of Beams = 513
[gazebo-1] [INFO] [1788097397.890566336] [multibeam_sonar_node]: # of Rays / Beam (Elevation, Azimuth) = (301, 1)
[gazebo-1] [INFO] [1788097397.890578545] [multibeam_sonar_node]: Calculation skips (Elevation) = 10
[gazebo-1] [INFO] [1788097397.890598170] [multibeam_sonar_node]: # of Time data / Beam = 399
[gazebo-1] [INFO] [1788097397.890613420] [multibeam_sonar_node]: ==================================================
[gazebo-1] [INFO] [1788097397.890619920] [multibeam_sonar_node]:
[parameter_bridge-3] [INFO] [1788097398.325131003] [ros_gz_bridge]: Passing message from ROS sensor_msgs/msg/Image to Gazebo gz.msgs.Image (showing msg only once per type)
[gazebo-1] [sonar_compute_factory] CreateComputeBackend called with: cpu
[gazebo-1] [sonar_compute_factory] Creating CPU backend
[parameter_bridge-3] [INFO] [1788097398.567011462] [ros_gz_bridge]: Passing message from ROS sensor_msgs/msg/PointCloud2 to Gazebo gz.msgs.PointCloudPacked (showing msg only once per type)
[WARNING] [launch]: user interrupted with ctrl-c (SIGINT)
[WARNING] [launch]: user interrupted with ctrl-c (SIGINT) again, ignoring...
[INFO] [static_transform_publisher-4]: sending signal 'SIGINT' to process[static_transform_publisher-4]
[ERROR] [parameter_bridge-3]: process has died [pid 47, exit code -11, cmd '/opt/ros/lyrical/lib/ros_gz_bridge/parameter_bridge /sensor/camera@sensor_msgs/msg/Image@gz.msgs.Image /sensor/camera_info@sensor_msgs/msg/CameraInfo@gz.msgs.CameraInfo /sensor/depth_camera@sensor_msgs/msg/Image@gz.msgs.Image /sensor/multibeam_sonar/point_cloud@sensor_msgs/msg/PointCloud2@gz.msgs.PointCloudPacked --ros-args'].
[INFO] [gazebo-1]: sending signal 'SIGINT' to process[gazebo-1]
[parameter_bridge-3] [INFO] [1788097408.497776008] [rclcpp]: signal_handler(signum=2)
[static_transform_publisher-4] [INFO] [1788097408.497779216] [rclcpp]: signal_handler(signum=2)
[gazebo-1] [INFO] [1788097408.498166300] [rclcpp]: signal_handler(signum=2)
[ERROR] [static_transform_publisher-4]: process has died [pid 49, exit code -2, cmd '/opt/ros/lyrical/lib/tf2_ros/static_transform_publisher --frame-id world --child-frame-id blueview_p900/blueview_p900_base_link/multibeam_sonar --ros-args'].
[ERROR] [gazebo-1]: process has died [pid 45, exit code -2, cmd 'ruby /opt/ros/lyrical/opt/gz_tools_vendor/bin/gz sim /home/docker/dave_ws/install/share/dave_worlds/worlds/sphere_4m_bright.world -s -r --force-version 10'].
