[INFO] [launch]: All log files can be found below /root/.ros/log/2026-08-30-13-41-58-698375-c892d7c0ef03-39
[INFO] [launch]: Default logging verbosity is set to INFO
[INFO] [gazebo-1]: process started with pid [45]
[INFO] [create-2]: process started with pid [46]
[INFO] [parameter_bridge-3]: process started with pid [48]
[INFO] [static_transform_publisher-4]: process started with pid [49]
[create-2] [INFO] [1788097319.031537342] [ros_gz_sim]: Requesting list of world names.
[static_transform_publisher-4] [INFO] [1788097319.034903175] [static_transform_publisher_hB7utc9ZDOKcNWHm]: Spinning until stopped - publishing transform
[static_transform_publisher-4] translation: ('0.000000', '0.000000', '0.000000')
[static_transform_publisher-4] rotation: ('0.000000', '0.000000', '0.000000', '1.000000')
[static_transform_publisher-4] from 'world' to 'blueview_p900/blueview_p900_base_link/multibeam_sonar'
[parameter_bridge-3] [INFO] [1788097319.052903175] [ros_gz_bridge]: Creating GZ->ROS Bridge: [/sensor/camera (gz.msgs.Image) -> /sensor/camera (sensor_msgs/msg/Image)] (Lazy 0)
[parameter_bridge-3] [INFO] [1788097319.057258258] [ros_gz_bridge]: Creating ROS->GZ Bridge: [/sensor/camera (sensor_msgs/msg/Image) -> /sensor/camera (gz.msgs.Image)] (Lazy 0)
[parameter_bridge-3] [INFO] [1788097319.059486133] [ros_gz_bridge]: Creating GZ->ROS Bridge: [/sensor/camera_info (gz.msgs.CameraInfo) -> /sensor/camera_info (sensor_msgs/msg/CameraInfo)] (Lazy 0)
[parameter_bridge-3] [INFO] [1788097319.060443217] [ros_gz_bridge]: Creating ROS->GZ Bridge: [/sensor/camera_info (sensor_msgs/msg/CameraInfo) -> /sensor/camera_info (gz.msgs.CameraInfo)] (Lazy 0)
[parameter_bridge-3] [INFO] [1788097319.061112133] [ros_gz_bridge]: Creating GZ->ROS Bridge: [/sensor/depth_camera (gz.msgs.Image) -> /sensor/depth_camera (sensor_msgs/msg/Image)] (Lazy 0)
[parameter_bridge-3] [INFO] [1788097319.061677092] [ros_gz_bridge]: Creating ROS->GZ Bridge: [/sensor/depth_camera (sensor_msgs/msg/Image) -> /sensor/depth_camera (gz.msgs.Image)] (Lazy 0)
[parameter_bridge-3] [INFO] [1788097319.062189175] [ros_gz_bridge]: Creating GZ->ROS Bridge: [/sensor/multibeam_sonar/point_cloud (gz.msgs.PointCloudPacked) -> /sensor/multibeam_sonar/point_cloud (sensor_msgs/msg/PointCloud2)] (Lazy 0)
[parameter_bridge-3] [INFO] [1788097319.062976842] [ros_gz_bridge]: Creating ROS->GZ Bridge: [/sensor/multibeam_sonar/point_cloud (sensor_msgs/msg/PointCloud2) -> /sensor/multibeam_sonar/point_cloud (gz.msgs.PointCloudPacked)] (Lazy 0)
[create-2] [INFO] [1788097321.577813093] [ros_gz_sim]: Entity creation successful.
[INFO] [create-2]: process has finished cleanly [pid 46]
[INFO] [launch.user]: Sensor Model Uploaded
[gazebo-1] [INFO] [1788097322.873226343] [multibeam_sonar_node]:
[gazebo-1] [INFO] [1788097322.873482260] [multibeam_sonar_node]: ==================================================
[gazebo-1] [INFO] [1788097322.873506385] [multibeam_sonar_node]: ============   SONAR PLUGIN LOADED   =============
[gazebo-1] [INFO] [1788097322.873525343] [multibeam_sonar_node]: ==================================================
[gazebo-1] [INFO] [1788097322.873546802] [multibeam_sonar_node]: ============       RAY VERSION       =============
[gazebo-1] [INFO] [1788097322.873568510] [multibeam_sonar_node]: ==================================================
[gazebo-1] [INFO] [1788097322.873595177] [multibeam_sonar_node]: Maximum view range  [m] = 10
[gazebo-1] [INFO] [1788097322.873619552] [multibeam_sonar_node]: Distance resolution [m] = 0.0501672
[gazebo-1] [INFO] [1788097322.873638135] [multibeam_sonar_node]: # of Beams = 513
[gazebo-1] [INFO] [1788097322.873660427] [multibeam_sonar_node]: # of Rays / Beam (Elevation, Azimuth) = (301, 1)
[gazebo-1] [INFO] [1788097322.873675218] [multibeam_sonar_node]: Calculation skips (Elevation) = 10
[gazebo-1] [INFO] [1788097322.873690302] [multibeam_sonar_node]: # of Time data / Beam = 399
[gazebo-1] [INFO] [1788097322.873698927] [multibeam_sonar_node]: ==================================================
[gazebo-1] [INFO] [1788097322.873709927] [multibeam_sonar_node]:
[parameter_bridge-3] [INFO] [1788097323.307653094] [ros_gz_bridge]: Passing message from ROS sensor_msgs/msg/Image to Gazebo gz.msgs.Image (showing msg only once per type)
[gazebo-1] [sonar_compute_factory] CreateComputeBackend called with: cpu
[gazebo-1] [sonar_compute_factory] Creating CPU backend
[parameter_bridge-3] [INFO] [1788097323.527453302] [ros_gz_bridge]: Passing message from ROS sensor_msgs/msg/PointCloud2 to Gazebo gz.msgs.PointCloudPacked (showing msg only once per type)
[WARNING] [launch]: user interrupted with ctrl-c (SIGINT)
[INFO] [static_transform_publisher-4]: sending signal 'SIGINT' to process[static_transform_publisher-4]
[INFO] [parameter_bridge-3]: sending signal 'SIGINT' to process[parameter_bridge-3]
[INFO] [gazebo-1]: sending signal 'SIGINT' to process[gazebo-1]
[gazebo-1] [INFO] [1788097334.217070751] [rclcpp]: signal_handler(signum=2)
[static_transform_publisher-4] [INFO] [1788097334.217036626] [rclcpp]: signal_handler(signum=2)
[parameter_bridge-3] [INFO] [1788097334.235056585] [rclcpp]: signal_handler(signum=2)
[parameter_bridge-3] [INFO] [1788097334.300887710] [rclcpp]: signal_handler(signum=2)
[ERROR] [static_transform_publisher-4]: process has died [pid 49, exit code -2, cmd '/opt/ros/lyrical/lib/tf2_ros/static_transform_publisher --frame-id world --child-frame-id blueview_p900/blueview_p900_base_link/multibeam_sonar --ros-args'].
[INFO] [parameter_bridge-3]: process has finished cleanly [pid 48]
[ERROR] [gazebo-1]: process has died [pid 45, exit code -2, cmd 'ruby /opt/ros/lyrical/opt/gz_tools_vendor/bin/gz sim /home/docker/dave_ws/install/share/dave_worlds/worlds/plane_4m_bright.world -s -r --force-version 10'].
