[INFO] [launch]: All log files can be found below /root/.ros/log/2026-08-30-13-42-36-786004-669ea7a36554-37
[INFO] [launch]: Default logging verbosity is set to INFO
[INFO] [gazebo-1]: process started with pid [44]
[INFO] [create-2]: process started with pid [45]
[INFO] [parameter_bridge-3]: process started with pid [46]
[INFO] [static_transform_publisher-4]: process started with pid [48]
[static_transform_publisher-4] [INFO] [1788097357.116804387] [static_transform_publisher_zlloEvQiA4IJloQr]: Spinning until stopped - publishing transform
[static_transform_publisher-4] translation: ('0.000000', '0.000000', '0.000000')
[static_transform_publisher-4] rotation: ('0.000000', '0.000000', '0.000000', '1.000000')
[static_transform_publisher-4] from 'world' to 'blueview_p900/blueview_p900_base_link/multibeam_sonar'
[create-2] [INFO] [1788097357.118595970] [ros_gz_sim]: Requesting list of world names.
[parameter_bridge-3] [INFO] [1788097357.142227929] [ros_gz_bridge]: Creating GZ->ROS Bridge: [/sensor/camera (gz.msgs.Image) -> /sensor/camera (sensor_msgs/msg/Image)] (Lazy 0)
[parameter_bridge-3] [INFO] [1788097357.146231762] [ros_gz_bridge]: Creating ROS->GZ Bridge: [/sensor/camera (sensor_msgs/msg/Image) -> /sensor/camera (gz.msgs.Image)] (Lazy 0)
[parameter_bridge-3] [INFO] [1788097357.147049470] [ros_gz_bridge]: Creating GZ->ROS Bridge: [/sensor/camera_info (gz.msgs.CameraInfo) -> /sensor/camera_info (sensor_msgs/msg/CameraInfo)] (Lazy 0)
[parameter_bridge-3] [INFO] [1788097357.149629554] [ros_gz_bridge]: Creating ROS->GZ Bridge: [/sensor/camera_info (sensor_msgs/msg/CameraInfo) -> /sensor/camera_info (gz.msgs.CameraInfo)] (Lazy 0)
[parameter_bridge-3] [INFO] [1788097357.151963845] [ros_gz_bridge]: Creating GZ->ROS Bridge: [/sensor/depth_camera (gz.msgs.Image) -> /sensor/depth_camera (sensor_msgs/msg/Image)] (Lazy 0)
[parameter_bridge-3] [INFO] [1788097357.152652554] [ros_gz_bridge]: Creating ROS->GZ Bridge: [/sensor/depth_camera (sensor_msgs/msg/Image) -> /sensor/depth_camera (gz.msgs.Image)] (Lazy 0)
[parameter_bridge-3] [INFO] [1788097357.153211679] [ros_gz_bridge]: Creating GZ->ROS Bridge: [/sensor/multibeam_sonar/point_cloud (gz.msgs.PointCloudPacked) -> /sensor/multibeam_sonar/point_cloud (sensor_msgs/msg/PointCloud2)] (Lazy 0)
[parameter_bridge-3] [INFO] [1788097357.153722054] [ros_gz_bridge]: Creating ROS->GZ Bridge: [/sensor/multibeam_sonar/point_cloud (sensor_msgs/msg/PointCloud2) -> /sensor/multibeam_sonar/point_cloud (gz.msgs.PointCloudPacked)] (Lazy 0)
[create-2] [INFO] [1788097359.567987513] [ros_gz_sim]: Entity creation successful.
[INFO] [create-2]: process has finished cleanly [pid 45]
[INFO] [launch.user]: Sensor Model Uploaded
[gazebo-1] [INFO] [1788097360.843905916] [multibeam_sonar_node]:
[gazebo-1] [INFO] [1788097360.844177166] [multibeam_sonar_node]: ==================================================
[gazebo-1] [INFO] [1788097360.844197291] [multibeam_sonar_node]: ============   SONAR PLUGIN LOADED   =============
[gazebo-1] [INFO] [1788097360.844228291] [multibeam_sonar_node]: ==================================================
[gazebo-1] [INFO] [1788097360.844247750] [multibeam_sonar_node]: ============       RAY VERSION       =============
[gazebo-1] [INFO] [1788097360.844261708] [multibeam_sonar_node]: ==================================================
[gazebo-1] [INFO] [1788097360.844271416] [multibeam_sonar_node]: Maximum view range  [m] = 10
[gazebo-1] [INFO] [1788097360.844284875] [multibeam_sonar_node]: Distance resolution [m] = 0.0501672
[gazebo-1] [INFO] [1788097360.844298416] [multibeam_sonar_node]: # of Beams = 513
[gazebo-1] [INFO] [1788097360.844303083] [multibeam_sonar_node]: # of Rays / Beam (Elevation, Azimuth) = (301, 1)
[gazebo-1] [INFO] [1788097360.844309041] [multibeam_sonar_node]: Calculation skips (Elevation) = 10
[gazebo-1] [INFO] [1788097360.844328083] [multibeam_sonar_node]: # of Time data / Beam = 399
[gazebo-1] [INFO] [1788097360.844342583] [multibeam_sonar_node]: ==================================================
[gazebo-1] [INFO] [1788097360.844362416] [multibeam_sonar_node]:
[parameter_bridge-3] [INFO] [1788097361.280654208] [ros_gz_bridge]: Passing message from ROS sensor_msgs/msg/Image to Gazebo gz.msgs.Image (showing msg only once per type)
[gazebo-1] [sonar_compute_factory] CreateComputeBackend called with: cpu
[gazebo-1] [sonar_compute_factory] Creating CPU backend
[parameter_bridge-3] [INFO] [1788097361.512181958] [ros_gz_bridge]: Passing message from ROS sensor_msgs/msg/PointCloud2 to Gazebo gz.msgs.PointCloudPacked (showing msg only once per type)
[WARNING] [launch]: user interrupted with ctrl-c (SIGINT)
[INFO] [static_transform_publisher-4]: sending signal 'SIGINT' to process[static_transform_publisher-4]
[INFO] [parameter_bridge-3]: sending signal 'SIGINT' to process[parameter_bridge-3]
[INFO] [gazebo-1]: sending signal 'SIGINT' to process[gazebo-1]
[static_transform_publisher-4] [INFO] [1788097370.399428463] [rclcpp]: signal_handler(signum=2)
[gazebo-1] [INFO] [1788097370.399580838] [rclcpp]: signal_handler(signum=2)
[parameter_bridge-3] [INFO] [1788097370.402263046] [rclcpp]: signal_handler(signum=2)
[ERROR] [static_transform_publisher-4]: process has died [pid 48, exit code -2, cmd '/opt/ros/lyrical/lib/tf2_ros/static_transform_publisher --frame-id world --child-frame-id blueview_p900/blueview_p900_base_link/multibeam_sonar --ros-args'].
[ERROR] [parameter_bridge-3]: process has died [pid 46, exit code -11, cmd '/opt/ros/lyrical/lib/ros_gz_bridge/parameter_bridge /sensor/camera@sensor_msgs/msg/Image@gz.msgs.Image /sensor/camera_info@sensor_msgs/msg/CameraInfo@gz.msgs.CameraInfo /sensor/depth_camera@sensor_msgs/msg/Image@gz.msgs.Image /sensor/multibeam_sonar/point_cloud@sensor_msgs/msg/PointCloud2@gz.msgs.PointCloudPacked --ros-args'].
[ERROR] [gazebo-1]: process has died [pid 44, exit code -2, cmd 'ruby /opt/ros/lyrical/opt/gz_tools_vendor/bin/gz sim /home/docker/dave_ws/install/share/dave_worlds/worlds/plane_7m_dark.world -s -r --force-version 10'].
