(2026-08-07 05:06:24.136) [info] [gz.cc:407] Gazebo Sim Server v10.4.0
(2026-08-07 05:06:24.153) [info] [ServerPrivate.cc:697] Loading SDF world file[/tmp/exp13_ogre_513x301.world].
(2026-08-07 05:06:26.139) [info] [SystemManager.cc:54] Serving entity system service on [/entity/system/add]
(2026-08-07 05:06:26.141) [info] [SimulationRunner.cc:347] Serving world controls on [/world/gpu_lidar_probe/control], [/world/gpu_lidar_probe/control/state] and [/world/gpu_lidar_probe/playback/control]
(2026-08-07 05:06:26.141) [info] [SimulationRunner.cc:373] Serving GUI information on [/world/gpu_lidar_probe/gui/info]
(2026-08-07 05:06:26.141) [info] [SimulationRunner.cc:376] World [gpu_lidar_probe] initialized with [1ms] physics profile.
(2026-08-07 05:06:26.141) [info] [SimulationRunner.cc:383] Serving world SDF generation service on [/world/gpu_lidar_probe/generate_world_sdf]
(2026-08-07 05:06:26.141) [info] [ServerPrivate.cc:357] Serving world names on [/gazebo/worlds]
(2026-08-07 05:06:26.141) [info] [ServerPrivate.cc:370] Resource path add service on [/gazebo/resource_paths/add].
(2026-08-07 05:06:26.141) [info] [ServerPrivate.cc:383] Resource path get service on [/gazebo/resource_paths/get].
(2026-08-07 05:06:26.142) [info] [ServerPrivate.cc:398] Resource path resolve service on [/gazebo/resource_paths/resolve].
(2026-08-07 05:06:26.142) [info] [ServerPrivate.cc:412] Resource paths published on [/gazebo/resource_paths].
(2026-08-07 05:06:26.142) [info] [ServerPrivate.cc:425] Server control service on [/server_control].
(2026-08-07 05:06:26.142) [info] [SimulationRunner.cc:865] Found no publishers on /stats, adding root stats topic
(2026-08-07 05:06:26.142) [info] [SimulationRunner.cc:899] Found no publishers on /clock, adding root clock topic
(2026-08-07 05:06:26.283) [info] [UserCommands.cc:751] Create service on [/world/gpu_lidar_probe/create_multiple] (async)
(2026-08-07 05:06:26.283) [info] [UserCommands.cc:753] Create service on [/world/gpu_lidar_probe/create_multiple/blocking] (blocking)
(2026-08-07 05:06:26.283) [info] [UserCommands.cc:751] Remove service on [/world/gpu_lidar_probe/remove] (async)
(2026-08-07 05:06:26.284) [info] [UserCommands.cc:753] Remove service on [/world/gpu_lidar_probe/remove/blocking] (blocking)
(2026-08-07 05:06:26.284) [info] [UserCommands.cc:751] Pose service on [/world/gpu_lidar_probe/set_pose] (async)
(2026-08-07 05:06:26.284) [info] [UserCommands.cc:753] Pose service on [/world/gpu_lidar_probe/set_pose/blocking] (blocking)
(2026-08-07 05:06:26.284) [info] [UserCommands.cc:751] Pose service on [/world/gpu_lidar_probe/set_pose_vector] (async)
(2026-08-07 05:06:26.284) [info] [UserCommands.cc:753] Pose service on [/world/gpu_lidar_probe/set_pose_vector/blocking] (blocking)
(2026-08-07 05:06:26.284) [info] [UserCommands.cc:751] Light configuration service on [/world/gpu_lidar_probe/light_config] (async)
(2026-08-07 05:06:26.284) [info] [UserCommands.cc:753] Light configuration service on [/world/gpu_lidar_probe/light_config/blocking] (blocking)
(2026-08-07 05:06:26.284) [info] [UserCommands.cc:751] Physics service on [/world/gpu_lidar_probe/set_physics] (async)
(2026-08-07 05:06:26.284) [info] [UserCommands.cc:753] Physics service on [/world/gpu_lidar_probe/set_physics/blocking] (blocking)
(2026-08-07 05:06:26.284) [info] [UserCommands.cc:751] SphericalCoordinates service on [/world/gpu_lidar_probe/set_spherical_coordinates] (async)
(2026-08-07 05:06:26.284) [info] [UserCommands.cc:753] SphericalCoordinates service on [/world/gpu_lidar_probe/set_spherical_coordinates/blocking] (blocking)
(2026-08-07 05:06:26.284) [info] [UserCommands.cc:751] Enable collision service on [/world/gpu_lidar_probe/enable_collision] (async)
(2026-08-07 05:06:26.284) [info] [UserCommands.cc:753] Enable collision service on [/world/gpu_lidar_probe/enable_collision/blocking] (blocking)
(2026-08-07 05:06:26.284) [info] [UserCommands.cc:751] Disable collision service on [/world/gpu_lidar_probe/disable_collision] (async)
(2026-08-07 05:06:26.284) [info] [UserCommands.cc:753] Disable collision service on [/world/gpu_lidar_probe/disable_collision/blocking] (blocking)
(2026-08-07 05:06:26.284) [info] [UserCommands.cc:751] Material service on [/world/gpu_lidar_probe/visual_config] (async)
(2026-08-07 05:06:26.284) [info] [UserCommands.cc:753] Material service on [/world/gpu_lidar_probe/visual_config/blocking] (blocking)
(2026-08-07 05:06:26.285) [info] [UserCommands.cc:751] Material service on [/world/gpu_lidar_probe/wheel_slip] (async)
(2026-08-07 05:06:26.285) [info] [UserCommands.cc:753] Material service on [/world/gpu_lidar_probe/wheel_slip/blocking] (blocking)
(2026-08-07 05:06:26.294) [info] [LevelManager.cc:646] Loaded level [default]
(2026-08-07 05:06:26.301) [info] [RenderEngineManager.cc:514] Loading plugin [gz-rendering-ogre]
(2026-08-07 05:06:26.301) [info] [SceneBroadcaster.cc:634] Serving scene information on [/world/gpu_lidar_probe/scene/info]
(2026-08-07 05:06:26.301) [info] [SceneBroadcaster.cc:643] Serving graph information on [/world/gpu_lidar_probe/scene/graph]
(2026-08-07 05:06:26.301) [info] [SceneBroadcaster.cc:654] Serving full state on [/world/gpu_lidar_probe/state]
(2026-08-07 05:06:26.301) [info] [SceneBroadcaster.cc:663] Serving full state (async) on [/world/gpu_lidar_probe/state_async]
(2026-08-07 05:06:26.301) [info] [SceneBroadcaster.cc:671] Publishing scene information on [/world/gpu_lidar_probe/scene/info]
(2026-08-07 05:06:26.301) [info] [SceneBroadcaster.cc:680] Publishing entity deletions on [/world/gpu_lidar_probe/scene/deletion]
(2026-08-07 05:06:26.302) [info] [SceneBroadcaster.cc:689] Publishing state changes on [/world/gpu_lidar_probe/state]
(2026-08-07 05:06:26.302) [info] [SceneBroadcaster.cc:700] Publishing pose messages on [/world/gpu_lidar_probe/pose/info]
(2026-08-07 05:06:26.302) [info] [SceneBroadcaster.cc:711] Publishing dynamic pose messages on [/world/gpu_lidar_probe/dynamic_pose/info]
(2026-08-07 05:06:26.321) [error] [OgreRenderEngine.cc:396] Unable to open display: 
terminate called after throwing an instance of 'Ogre::RenderingAPIException'
  what():  OGRE EXCEPTION(3:RenderingAPIException): Couldn`t open X display  in GLXGLSupport::getGLDisplay at ./RenderSystems/GL/src/GLX/OgreGLXGLSupport.cpp (line 807)
Stack trace (most recent call last) in thread 27740:
#23   Object "/usr/lib/aarch64-linux-gnu/ld-linux-aarch64.so.1", at 0xffffffffffffffff, in 
#22   Source "../sysdeps/unix/sysv/linux/aarch64/clone.S", line 76, in thread_start [0xffff8f0d68ab]
#21   Source "./nptl/pthread_create.c", line 454, in start_thread [0xffff8f06c287]
