Starting >>> dave_demos
Starting >>> dave_worlds
--- stderr: dave_demos
CMake Deprecation Warning at CMakeLists.txt:1 (cmake_minimum_required):
  Compatibility with CMake < 3.10 will be removed from a future version of
  CMake.

  Update the VERSION argument <min> value.  Or, use the <min>...<max> syntax
  to tell CMake that the project requires at least <min> but has been updated
  to work with policies introduced by <max> or earlier.


---
Finished <<< dave_demos [1.32s]
--- stderr: dave_worlds
CMake Deprecation Warning at CMakeLists.txt:1 (cmake_minimum_required):
  Compatibility with CMake < 3.10 will be removed from a future version of
  CMake.

  Update the VERSION argument <min> value.  Or, use the <min>...<max> syntax
  to tell CMake that the project requires at least <min> but has been updated
  to work with policies introduced by <max> or earlier.


---
Finished <<< dave_worlds [1.32s]

Summary: 2 packages finished [1.47s]
  2 packages had stderr output: dave_demos dave_worlds
